### Step 2A
/Users/lauriemclaughlin

### Step 2B
cd /Users/lauriemclaughlin/Desktop 

### Step 2C
cd unit1-git-practice

### Step 2D
/Users/lauriemclaughlin/Desktop/unit1-git-practice

### Step 2E
ls 

### Step 2F
my-steps.txt

### Step 2G
cd ~

### Step 2H
lauriemclaughlin@Lauries-Air ~ % 


### Step 2I
Desktop		Documents	Downloads	Library		Movies		Music		Pictures	Public

### Step 2J
cd ~

### Step 2K

cd /Users/lauriemclaughlin/Desktop

cd unit1-git-practice

### Step 3A
mkdir veggies
mkdir meats
mkdir desserts
lauriemclaughlin@Lauries-Air unit1-git-practice % ls
desserts	meats		my-steps.txt	veggies

### Step 3B
mv desserts sweets
lauriemclaughlin@Lauries-Air unit1-git-practice % ls
meats		my-steps.txt	sweets		veggies

### Step 3C
mkdir proteins
lauriemclaughlin@Lauries-Air unit1-git-practice % ls
meats		my-steps.txt	proteins	sweets		veggies

### Step 3D

mv meats proteins
lauriemclaughlin@Lauries-Air unit1-git-practice % ls
my-steps.txt	proteins	sweets		veggies

### Step 3E

lauriemclaughlin@Lauries-Air unit1-git-practice % cd veggies
lauriemclaughlin@Lauries-Air veggies % touch carrot.txt
lauriemclaughlin@Lauries-Air veggies % touch pea.txt
lauriemclaughlin@Lauries-Air veggies % ls
carrot.txt	pea.txt### 

Step 3F
lauriemclaughlin@Lauries-Air ~ % cd /Users/lauriemclaughlin/Desktop/unit1-git-practice
lauriemclaughlin@Lauries-Air unit1-git-practice % cd sweets
lauriemclaughlin@Lauries-Air sweets % touch cookie.txt
lauriemclaughlin@Lauries-Air sweets % ls
cookie.txt


### Step 3G
lauriemclaughlin@Lauries-Air sweets % mv cookie.txt donut.txt
lauriemclaughlin@Lauries-Air sweets % ls
donut.txt

### Step 3H
lauriemclaughlin@Lauries-Air sweets % cd ~
lauriemclaughlin@Lauries-Air ~ % cd /Users/lauriemclaughlin/Desktop/unit1-git-practice
lauriemclaughlin@Lauries-Air unit1-git-practice % touch thing.txt
lauriemclaughlin@Lauries-Air unit1-git-practice % ls
my-steps.txt	proteins	sweets		thing.txt	veggies

### Step 3I

cp thing.txt tofu.txt

### Step 3J
mv tofu.txt proteins/

### Step 3K
lauriemclaughlin@Lauries-Air unit1-git-practice %  cp thing.txt crab.txt
lauriemclaughlin@Lauries-Air unit1-git-practice % ls
crab.txt	my-steps.txt	proteins	sweets		thing.txt	veggies
lauriemclaughlin@Lauries-Air unit1-git-practice % mv crab.txt proteins/
lauriemclaughlin@Lauries-Air unit1-git-practice % cd proteins
lauriemclaughlin@Lauries-Air proteins % mv crab.txt meats/

### Step 3L

lauriemclaughlin@Lauries-Air unit1-git-practice % rm thing.txt


### Step 3M
lauriemclaughlin@Lauries-Air unit1-git-practice % cp -r veggies plants


### Step 3N

lauriemclaughlin@Lauries-Air unit1-git-practice % mkdir drinks
lauriemclaughlin@Lauries-Air unit1-git-practice % rm -r drinks

### Step 4

lauriemclaughlin@Lauries-Air unit1-git-practice % git init
hint: Using 'master' as the name for the initial branch. This default branch name
hint: is subject to change. To configure the initial branch name to use in all
hint: of your new repositories, which will suppress this warning, call:
hint: 
hint: 	git config --global init.defaultBranch <name>
hint: 
hint: Names commonly chosen instead of 'master' are 'main', 'trunk' and
hint: 'development'. The just-created branch can be renamed via this command:
hint: 
hint: 	git branch -m <name>
Initialized empty Git repository in /Users/lauriemclaughlin/Desktop/unit1-git-practice/.git/
lauriemclaughlin@Lauries-Air unit1-git-practice % git add .
lauriemclaughlin@Lauries-Air unit1-git-practice % git commit -m 'first commit'
[master (root-commit) 61d7d3a] first commit
 10 files changed, 128 insertions(+)
 create mode 100644 .DS_Store
 create mode 100644 my-steps.txt
 create mode 100644 plants/carrot.txt
 create mode 100644 plants/pea.txt
 create mode 100644 proteins/.DS_Store
 create mode 100644 proteins/meats/crab.txt
 create mode 100644 proteins/tofu.txt
 create mode 100644 sweets/donut.txt
 create mode 100644 veggies/carrot.txt
 create mode 100644 veggies/pea.txt

### Step 5

lauriemclaughlin@Lauries-Air unit1-git-practice % git remote add origin https://github.com/lnmclaughlin/unit1-git-practice.git
git branch -M main
git push -u origin main
Enumerating objects: 10, done.
Counting objects: 100% (10/10), done.
Delta compression using up to 8 threads
Compressing objects: 100% (7/7), done.
Writing objects: 100% (10/10), 1.81 KiB | 1.81 MiB/s, done.
Total 10 (delta 1), reused 0 (delta 0), pack-reused 0
remote: Resolving deltas: 100% (1/1), done.
To https://github.com/lnmclaughlin/unit1-git-practice.git
 * [new branch]      main -> main
Branch 'main' set up to track remote branch 'main' from 'origin'.


### Step 6
lauriemclaughlin@Lauries-Air unit1-git-practice % git status
On branch main
Your branch is up to date with 'origin/main'.

Changes not staged for commit:
  (use "git add <file>..." to update what will be committed)
  (use "git restore <file>..." to discard changes in working directory)
	modified:   my-steps.txt

Untracked files:
  (use "git add <file>..." to include in what will be committed)
	menu.txt

no changes added to commit (use "git add" and/or "git commit -a")
lauriemclaughlin@Lauries-Air unit1-git-practice % git add . 
lauriemclaughlin@Lauries-Air unit1-git-practice % git commit -m 'starting a menu'
[main 99b1de3] starting a menu
 2 files changed, 40 insertions(+)
 create mode 100644 menu.txt
lauriemclaughlin@Lauries-Air unit1-git-practice % git push
Enumerating objects: 6, done.
Counting objects: 100% (6/6), done.
Delta compression using up to 8 threads
Compressing objects: 100% (3/3), done.
Writing objects: 100% (4/4), 1.10 KiB | 1.10 MiB/s, done.
Total 4 (delta 2), reused 0 (delta 0), pack-reused 0
remote: Resolving deltas: 100% (2/2), completed with 2 local objects.
To https://github.com/lnmclaughlin/unit1-git-practice.git
   61d7d3a..99b1de3  main -> main


### Step 7
*** DO NOT RECORD STEP 7 ***